
=== US Stock Momentum Top ===
Ticker Industry  Price($)  등락률(%)  Signal_sco  수익률(%)  Final_score NewSig
 CVS      🏥HEAL    107.47    0.91       16.00   40.14         0.99      -
 MET      🏦FINA     94.00    0.32       16.00   22.25         0.98      -
 UNP      🏭INDU    301.75    0.78       16.00   20.72         0.98      -
 BAC      🏦FINA     61.27   -0.36       16.00   15.16         0.98      -
 NSC      🏭INDU    340.16    0.62       16.00   13.04         0.97      -
 UPS      🏭INDU    117.72    0.46       16.00   12.60         0.97      -
CRWD      📱TECH    203.08   -0.33       15.00   80.67         0.97      -
 ADP      📱TECH    255.27   -0.50       15.00   26.78         0.96      -
AAPL      📱TECH    333.74    0.14       15.00   25.50         0.96      -
 CSX      🏭INDU     50.75   -0.28       15.00   17.38         0.95      -
 USB      🏦FINA     63.14   -1.36       15.00   12.03         0.94      -
 JPM      🏦FINA    341.10   -0.60       15.00    9.47         0.93      -
 XLF      🏦FINA     56.26   -0.86       15.00    7.95         0.93      -
 NXP      📱TECH     14.45   -0.07       15.50    2.27         0.92      -
 PRU      🏦FINA    119.07    0.69       13.50   25.14         0.91      -
 PNC**    🏦FINA    252.86   -0.92       14.00   10.88         0.90      -
 AXP      🏦FINA    355.35   -1.72       14.00    8.05         0.90      -
SBUX      🛒CONS    105.49   -2.66       13.50    8.50         0.88      -
FTNT      📱TECH    161.61    0.52       12.00   89.55         0.88      -
 AFL      🏦FINA    124.72    1.38       13.00    8.10         0.87      -
 ITW      🏭INDU    276.05   -2.45       13.50    2.46         0.86      -
 WFC**    🏦FINA     87.51   -0.64       12.25    7.92         0.84      -
  GS**    🏦FINA   1065.22   -2.76       11.50   15.47         0.84   🆕GRN
  WM      🏭INDU    239.31   -1.21       12.25    7.58         0.84      -
 DHR      🏥HEAL    203.83   -0.58       12.00    4.99         0.83      -
 EOG      ⚡ENER    139.89    1.78       11.75    6.42         0.82      -
SCHW      🏦FINA    101.56   -1.21       11.00   10.82         0.81   🆕GRN
 COF      🏦FINA    208.03   -1.84       11.75    3.17         0.81      -
  BX      🏦FINA    126.91   -1.60       12.50   -0.32         0.80      -
 XLE      ⚡ENER     57.68    1.16       11.25    3.98         0.80      -

=== 주문용 Top4 (오늘) ===
Ticker Industry  Price($)  등락률(%)  Signal_sco  수익률(%)  Final_score NewSig
 CVS      🏥HEAL    107.47    0.91        16.0   40.14         0.99      -
 MET      🏦FINA     94.00    0.32        16.0   22.25         0.98      -
 UNP      🏭INDU    301.75    0.78        16.0   20.72         0.98      -
 BAC      🏦FINA     61.27   -0.36        16.0   15.16         0.98      -

이전 Top4: ['CVS', 'MET', 'UNP', 'BAC', 'NSC', 'AAPL', 'CSX', 'PNC', 'FTNT', 'AFL']

=== 유지된 이전 Top4 (오늘 Top4 탈락했지만 sco>=11) ===
Ticker Industry  Signal_sco  수익률(%)  Final_score
   NSC    🏭INDU        16.0   13.04         0.97
  AAPL    📱TECH        15.0   25.50         0.96
   CSX    🏭INDU        15.0   17.38         0.95
   PNC    🏦FINA        14.0   10.88         0.90
  FTNT    📱TECH        12.0   89.55         0.88
   AFL    🏦FINA        13.0    8.10         0.87

=== 최종 리스트 (10개) - Final_score 정렬 ===
Ticker Industry  Price($)  등락률(%)  Signal_sco  수익률(%)  Final_score NewSig
 CVS      🏥HEAL    107.47    0.91        16.0   40.14         0.99      -
 MET      🏦FINA     94.00    0.32        16.0   22.25         0.98      -
 UNP      🏭INDU    301.75    0.78        16.0   20.72         0.98      -
 BAC      🏦FINA     61.27   -0.36        16.0   15.16         0.98      -
 NSC      🏭INDU    340.16    0.62        16.0   13.04         0.97      -
AAPL      📱TECH    333.74    0.14        15.0   25.50         0.96      -
 CSX      🏭INDU     50.75   -0.28        15.0   17.38         0.95      -
 PNC**    🏦FINA    252.86   -0.92        14.0   10.88         0.90      -
FTNT      📱TECH    161.61    0.52        12.0   89.55         0.88      -
 AFL      🏦FINA    124.72    1.38        13.0    8.10         0.87      -

저장 완료: D:/py/buy_us_stock.txt
저장 완료: D:\py\report-us\report_us_finviz.txt
저장 완료: D:\py\report-us\report_us_finviz.txt

================================================================================
🚫 ATR 필터로 제외된 종목 (고변동성: ATR5 > ATR60 * 1.8)
================================================================================
Ticker Industry      ATR5     ATR60    ATR비율
   ABT    🏥HEAL  4.809572  2.404010 2.000646
   IBM    📱TECH 24.814001 12.661411 1.959813

제외된 종목 수: 2개

================================================================================
📊 Signal_sco 기준 종목 분포
================================================================================

전체 US_STOCKS: 175개
  sco >= 12: 25개 (14.5%)
  0 <= sco < 12: 90개 (52.3%)
  sco < 0: 57개 (33.1%)

합계 검증: 172 == 172?

[실행 시간] 10.83초
